
> mofeng@0.0.0 dev
> vite --host 127.0.0.1 --port 5194 --strictPort


  [32m[1mVITE[22m v7.1.9[39m  [2mready in [0m[1m364[22m[2m[0m ms[22m

  [32m➜[39m  [1mLocal[22m:   [36mhttp://127.0.0.1:[1m5194[22m/[39m
[2m09:56:31[22m [36m[1m[vite][22m[39m [90m[2m(client)[22m[39m [32mhmr update [39m[2m/src/assets/main.css[22m
[2m09:56:31[22m [36m[1m[vite][22m[39m [90m[2m(client)[22m[39m [32mhmr update [39m[2m/src/assets/main.css[22m
[2m09:58:58[22m [36m[1m[vite][22m[39m [90m[2m(client)[22m[39m [32mhmr update [39m[2m/src/components/shared/NovelDetailShell.vue, /src/components/shared/NovelDetailShell.vue?vue&type=style&index=0&scoped=ffd0e2d3&lang.css, /src/assets/main.css[22m
[2m10:04:34[22m [36m[1m[vite][22m[39m [90m[2m(client)[22m[39m [32mhmr update [39m[2m/src/components/novel-detail/OverviewSection.vue, /src/assets/main.css[22m
[2m10:05:57[22m [36m[1m[vite][22m[39m [90m[2m(client)[22m[39m [32mhmr update [39m[2m/src/components/novel-detail/OverviewSection.vue, /src/assets/main.css[22m
[2m10:12:21[22m [36m[1m[vite][22m[39m [90m[2m(client)[22m[39m [32mhmr update [39m[2m/src/components/novel-detail/OverviewSection.vue, /src/components/novel-detail/OverviewSection.vue?vue&type=style&index=0&scoped=2652c9ff&lang.css, /src/assets/main.css[22m
[2m10:14:28[22m [36m[1m[vite][22m[39m [90m[2m(client)[22m[39m [32mhmr update [39m[2m/src/components/shared/NovelDetailShell.vue, /src/assets/main.css[22m
[2m10:14:35[22m [36m[1m[vite][22m[39m [90m[2m(client)[22m[39m [32mhmr update [39m[2m/src/components/novel-detail/OverviewSection.vue, /src/assets/main.css[22m
[2m10:22:57[22m [36m[1m[vite][22m[39m [90m[2m(client)[22m[39m [32mhmr update [39m[2m/src/components/shared/NovelDetailShell.vue, /src/assets/main.css[22m
[2m10:23:23[22m [36m[1m[vite][22m[39m [90m[2m(client)[22m[39m [32mhmr update [39m[2m/src/assets/main.css[22m
[2m10:23:47[22m [36m[1m[vite][22m[39m [90m[2m(client)[22m[39m [32mhmr update [39m[2m/src/assets/main.css[22m
[2m10:24:09[22m [36m[1m[vite][22m[39m [90m[2m(client)[22m[39m [32mhmr update [39m[2m/src/assets/main.css[22m
[2m10:25:13[22m [36m[1m[vite][22m[39m [90m[2m(client)[22m[39m [32mhmr update [39m[2m/src/assets/main.css[22m
[2m10:25:17[22m [36m[1m[vite][22m[39m [90m[2m(client)[22m[39m [32mhmr update [39m[2m/src/assets/main.css[22m
[2m10:25:21[22m [36m[1m[vite][22m[39m [90m[2m(client)[22m[39m [32mhmr update [39m[2m/src/assets/main.css[22m
[2m10:25:24[22m [36m[1m[vite][22m[39m [90m[2m(client)[22m[39m [32mhmr update [39m[2m/src/assets/main.css[22m
[2m10:38:23[22m [36m[1m[vite][22m[39m [90m[2m(client)[22m[39m [32mhmr update [39m[2m/src/assets/main.css[22m
[2m10:41:24[22m [36m[1m[vite][22m[39m [90m[2m(client)[22m[39m [32mhmr update [39m[2m/src/assets/main.css[22m
[2m10:56:33[22m [36m[1m[vite][22m[39m [90m[2m(client)[22m[39m [32mhmr update [39m[2m/src/assets/main.css[22m
[2m10:56:36[22m [36m[1m[vite][22m[39m [90m[2m(client)[22m[39m [32mhmr update [39m[2m/src/assets/main.css[22m
[2m10:56:48[22m [36m[1m[vite][22m[39m [90m[2m(client)[22m[39m [32mhmr update [39m[2m/src/assets/main.css[22m
[2m11:26:54[22m [36m[1m[vite][22m[39m [90m[2m(client)[22m[39m [32mhmr update [39m[2m/src/assets/main.css[22m
[2m11:26:58[22m [36m[1m[vite][22m[39m [90m[2m(client)[22m[39m [32mhmr update [39m[2m/src/assets/main.css[22m
[2m11:27:05[22m [36m[1m[vite][22m[39m [90m[2m(client)[22m[39m [32mhmr update [39m[2m/src/assets/main.css[22m
[2m11:27:14[22m [36m[1m[vite][22m[39m [90m[2m(client)[22m[39m [32mhmr update [39m[2m/src/assets/main.css[22m
[2m11:27:46[22m [36m[1m[vite][22m[39m [90m[2m(client)[22m[39m [32mhmr update [39m[2m/src/assets/main.css[22m
[2m11:27:56[22m [36m[1m[vite][22m[39m [90m[2m(client)[22m[39m [32mhmr update [39m[2m/src/assets/main.css[22m
[2m11:38:19[22m [36m[1m[vite][22m[39m [90m[2m(client)[22m[39m [32mhmr update [39m[2m/src/assets/main.css[22m
[2m11:38:24[22m [36m[1m[vite][22m[39m [90m[2m(client)[22m[39m [32mhmr update [39m[2m/src/assets/main.css[22m
[2m11:40:27[22m [36m[1m[vite][22m[39m [90m[2m(client)[22m[39m [32mhmr update [39m[2m/src/assets/main.css[22m
[2m11:40:36[22m [36m[1m[vite][22m[39m [90m[2m(client)[22m[39m [32mhmr update [39m[2m/src/assets/main.css[22m
[2m11:40:49[22m [36m[1m[vite][22m[39m [90m[2m(client)[22m[39m [32mhmr update [39m[2m/src/assets/main.css[22m
[2m11:40:56[22m [36m[1m[vite][22m[39m [90m[2m(client)[22m[39m [32mhmr update [39m[2m/src/assets/main.css[22m
[2m11:41:02[22m [36m[1m[vite][22m[39m [90m[2m(client)[22m[39m [32mhmr update [39m[2m/src/assets/main.css[22m
[2m11:41:09[22m [36m[1m[vite][22m[39m [90m[2m(client)[22m[39m [32mhmr update [39m[2m/src/assets/main.css[22m
[2m11:43:22[22m [36m[1m[vite][22m[39m [90m[2m(client)[22m[39m [32mhmr update [39m[2m/src/assets/main.css[22m
[2m11:44:58[22m [36m[1m[vite][22m[39m [90m[2m(client)[22m[39m [32mhmr update [39m[2m/src/assets/main.css[22m
[2m11:46:27[22m [36m[1m[vite][22m[39m [90m[2m(client)[22m[39m [32mhmr update [39m[2m/src/assets/main.css[22m
[2m11:47:30[22m [36m[1m[vite][22m[39m [90m[2m(client)[22m[39m [32mhmr update [39m[2m/src/assets/main.css[22m
[2m11:49:44[22m [36m[1m[vite][22m[39m [90m[2m(client)[22m[39m [32mhmr update [39m[2m/src/assets/main.css[22m
[2m12:10:57[22m [36m[1m[vite][22m[39m [90m[2m(client)[22m[39m [32mhmr update [39m[2m/src/assets/main.css[22m
[2m12:17:08[22m [36m[1m[vite][22m[39m [90m[2m(client)[22m[39m [32mhmr update [39m[2m/src/assets/main.css[22m
[2m12:19:44[22m [36m[1m[vite][22m[39m [90m[2m(client)[22m[39m [32mhmr update [39m[2m/src/assets/main.css[22m
[2m14:17:41[22m [36m[1m[vite][22m[39m [90m[2m(client)[22m[39m [32mhmr update [39m[2m/src/assets/main.css[22m
[2m14:19:33[22m [36m[1m[vite][22m[39m [90m[2m(client)[22m[39m [32mhmr update [39m[2m/src/assets/main.css[22m
[2m14:19:38[22m [36m[1m[vite][22m[39m [90m[2m(client)[22m[39m [32mhmr update [39m[2m/src/assets/main.css[22m
[2m14:20:56[22m [36m[1m[vite][22m[39m [90m[2m(client)[22m[39m [32mhmr update [39m[2m/src/assets/main.css[22m
[2m15:00:37[22m [36m[1m[vite][22m[39m [90m[2m(client)[22m[39m [32mhmr update [39m[2m/src/assets/main.css[22m
[2m15:07:30[22m [36m[1m[vite][22m[39m [90m[2m(client)[22m[39m [32mhmr update [39m[2m/src/assets/main.css[22m
[2m15:07:36[22m [36m[1m[vite][22m[39m [90m[2m(client)[22m[39m [32mpage reload [39m[2msrc/main.ts[22m
[2m15:08:37[22m [36m[1m[vite][22m[39m [90m[2m(client)[22m[39m [32mhmr update [39m[2m/src/assets/main.css[22m
[2m15:08:38[22m [36m[1m[vite][22m[39m [90m[2m(client)[22m[39m [32mhmr update [39m[2m/src/assets/main.css[22m
[2m15:08:38[22m [36m[1m[vite][22m[39m [90m[2m(client)[22m[39m [32mhmr update [39m[2m/src/assets/main.css[22m
[2m15:08:38[22m [36m[1m[vite][22m[39m [90m[2m(client)[22m[39m [32mhmr update [39m[2m/src/assets/main.css[22m
[2m15:08:38[22m [36m[1m[vite][22m[39m [90m[2m(client)[22m[39m [32mhmr update [39m[2m/src/assets/main.css[22m
[2m15:08:38[22m [36m[1m[vite][22m[39m [90m[2m(client)[22m[39m [32mhmr update [39m[2m/src/assets/main.css[22m
[2m15:08:38[22m [36m[1m[vite][22m[39m [90m[2m(client)[22m[39m [32mhmr update [39m[2m/src/assets/main.css[22m
[2m15:08:38[22m [36m[1m[vite][22m[39m [90m[2m(client)[22m[39m [32mhmr update [39m[2m/src/assets/main.css[22m
[2m15:08:38[22m [36m[1m[vite][22m[39m [90m[2m(client)[22m[39m [32mhmr update [39m[2m/src/assets/main.css[22m
[2m15:08:38[22m [36m[1m[vite][22m[39m [90m[2m(client)[22m[39m [32mhmr update [39m[2m/src/assets/main.css[22m
[2m15:08:38[22m [36m[1m[vite][22m[39m [90m[2m(client)[22m[39m [32mhmr update [39m[2m/src/assets/main.css[22m
[2m15:08:38[22m [36m[1m[vite][22m[39m [90m[2m(client)[22m[39m [32mhmr update [39m[2m/src/assets/main.css[22m
[2m15:08:38[22m [36m[1m[vite][22m[39m [90m[2m(client)[22m[39m [32mhmr update [39m[2m/src/assets/main.css[22m
[2m15:08:38[22m [36m[1m[vite][22m[39m [90m[2m(client)[22m[39m [32mhmr update [39m[2m/src/assets/main.css[22m
[2m15:08:38[22m [36m[1m[vite][22m[39m [90m[2m(client)[22m[39m [32mhmr update [39m[2m/src/assets/main.css[22m
[2m15:08:38[22m [36m[1m[vite][22m[39m [90m[2m(client)[22m[39m [32mhmr update [39m[2m/src/assets/main.css[22m
[2m15:08:38[22m [36m[1m[vite][22m[39m [90m[2m(client)[22m[39m [32mhmr update [39m[2m/src/assets/main.css[22m
[2m15:08:38[22m [36m[1m[vite][22m[39m [90m[2m(client)[22m[39m [32mhmr update [39m[2m/src/assets/main.css[22m
[2m15:08:38[22m [36m[1m[vite][22m[39m [90m[2m(client)[22m[39m [32mhmr update [39m[2m/src/assets/main.css[22m
[2m15:08:38[22m [36m[1m[vite][22m[39m [90m[2m(client)[22m[39m [32mhmr update [39m[2m/src/assets/main.css[22m
[2m15:08:38[22m [36m[1m[vite][22m[39m [90m[2m(client)[22m[39m [32mhmr update [39m[2m/src/assets/main.css[22m
[2m15:08:38[22m [36m[1m[vite][22m[39m [90m[2m(client)[22m[39m [32mhmr update [39m[2m/src/assets/main.css[22m
[2m15:08:38[22m [36m[1m[vite][22m[39m [90m[2m(client)[22m[39m [32mhmr update [39m[2m/src/assets/main.css[22m
[2m15:08:38[22m [36m[1m[vite][22m[39m [90m[2m(client)[22m[39m [32mhmr update [39m[2m/src/components/novel-detail/ChaptersSection.vue?vue&type=style&index=0&scoped=973d927e&lang.css, /src/assets/main.css[22m
[2m15:08:38[22m [36m[1m[vite][22m[39m [90m[2m(client)[22m[39m [32mhmr update [39m[2m/src/components/shared/AppShell.vue?vue&type=style&index=0&scoped=0811871e&lang.css, /src/assets/main.css[22m
[2m15:08:38[22m [36m[1m[vite][22m[39m [90m[2m(client)[22m[39m [32mhmr update [39m[2m/src/components/novel-detail/OverviewSection.vue?vue&type=style&index=0&scoped=2652c9ff&lang.css, /src/assets/main.css[22m
[2m15:08:38[22m [36m[1m[vite][22m[39m [90m[2m(client)[22m[39m [32mhmr update [39m[2m/src/components/shared/NovelDetailShell.vue?vue&type=style&index=0&scoped=ffd0e2d3&lang.css, /src/assets/main.css[22m
[2m15:08:38[22m [36m[1m[vite][22m[39m [90m[2m(client)[22m[39m [32mhmr update [39m[2m/src/views/Login.vue?vue&type=style&index=0&scoped=08aaad4e&lang.css, /src/assets/main.css[22m
[2m15:09:26[22m [36m[1m[vite][22m[39m [90m[2m(client)[22m[39m [32mhmr update [39m[2m/src/assets/main.css[22m
[2m15:09:34[22m [36m[1m[vite][22m[39m [90m[2m(client)[22m[39m [32mhmr update [39m[2m/src/assets/main.css[22m
[2m15:09:59[22m [36m[1m[vite][22m[39m [90m[2m(client)[22m[39m [32mhmr update [39m[2m/src/assets/main.css[22m
[2m15:10:23[22m [36m[1m[vite][22m[39m [90m[2m(client)[22m[39m [32mhmr update [39m[2m/src/components/shared/GlobalModalContainer.vue?vue&type=style&index=0&scoped=835e9f31&lang.css, /src/assets/main.css[22m
[2m15:12:02[22m [36m[1m[vite][22m[39m [90m[2m(client)[22m[39m [32mhmr update [39m[2m/src/assets/main.css[22m
[2m16:09:56[22m [36m[1m[vite][22m[39m [90m[2m(client)[22m[39m [32mhmr update [39m[2m/src/assets/main.css[22m
[2m16:10:02[22m [36m[1m[vite][22m[39m [90m[2m(client)[22m[39m [32mpage reload [39m[2msrc/main.ts[22m
[2m16:10:16[22m [36m[1m[vite][22m[39m [90m[2m(client)[22m[39m [32mhmr update [39m[2m/src/assets/main.css[22m
[2m16:23:19[22m [36m[1m[vite][22m[39m [90m[2m(client)[22m[39m [32mhmr update [39m[2m/src/assets/main.css, /src/components/shared/AppShell.vue, /src/components/shared/NovelDetailShell.vue, /src/components/novel-detail/ChaptersSection.vue, /src/components/novel-detail/EmotionCurveSection.vue, /src/components/novel-detail/ForeshadowingSection.vue[22m
[2m16:23:19[22m [36m[1m[vite][22m[39m [90m[2m(client)[22m[39m [32mhmr update [39m[2m/src/assets/main.css[22m
[2m16:23:19[22m [36m[1m[vite][22m[39m [90m[2m(client)[22m[39m [32mhmr update [39m[2m/src/assets/main.css[22m
[2m16:29:14[22m [36m[1m[vite][22m[39m [90m[2m(client)[22m[39m [32mhmr update [39m[2m/src/assets/main.css[22m
[2m16:34:57[22m [36m[1m[vite][22m[39m [90m[2m(client)[22m[39m [32mhmr update [39m[2m/src/assets/main.css[22m
[2m16:35:55[22m [36m[1m[vite][22m[39m [90m[2m(client)[22m[39m [32mhmr update [39m[2m/src/assets/main.css[22m
[2m16:46:43[22m [36m[1m[vite][22m[39m [90m[2m(client)[22m[39m [32mhmr update [39m[2m/src/assets/main.css[22m
[2m16:46:55[22m [36m[1m[vite][22m[39m [90m[2m(client)[22m[39m [32mhmr update [39m[2m/src/assets/main.css[22m
[2m16:47:12[22m [36m[1m[vite][22m[39m [90m[2m(client)[22m[39m [32mhmr update [39m[2m/src/assets/main.css[22m
[2m16:52:07[22m [36m[1m[vite][22m[39m [90m[2m(client)[22m[39m [32mhmr update [39m[2m/src/assets/main.css[22m
[2m16:56:04[22m [36m[1m[vite][22m[39m [90m[2m(client)[22m[39m [32mhmr update [39m[2m/src/assets/main.css[22m
[2m17:02:37[22m [36m[1m[vite][22m[39m [90m[2m(client)[22m[39m [32mhmr update [39m[2m/src/assets/main.css[22m
[2m17:03:00[22m [36m[1m[vite][22m[39m [90m[2m(client)[22m[39m [32mhmr update [39m[2m/src/assets/main.css[22m
[2m17:08:13[22m [36m[1m[vite][22m[39m [90m[2m(client)[22m[39m [32mhmr update [39m[2m/src/assets/main.css[22m
[2m17:37:11[22m [36m[1m[vite][22m[39m [90m[2m(client)[22m[39m [32mhmr update [39m[2m/src/assets/main.css[22m
[2m17:37:18[22m [36m[1m[vite][22m[39m [90m[2m(client)[22m[39m [32mhmr update [39m[2m/src/assets/main.css[22m
[2m17:46:45[22m [36m[1m[vite][22m[39m [90m[2m(client)[22m[39m [32mhmr update [39m[2m/src/assets/main.css[22m
[2m22:24:42[22m [36m[1m[vite][22m[39m [90m[2m(client)[22m[39m [32mhmr update [39m[2m/src/assets/main.css[22m
[2m22:28:58[22m [36m[1m[vite][22m[39m [90m[2m(client)[22m[39m [32mhmr update [39m[2m/src/assets/main.css[22m
[2m23:01:30[22m [36m[1m[vite][22m[39m [90m[2m(client)[22m[39m [32mhmr update [39m[2m/src/assets/main.css[22m
[2m23:10:59[22m [36m[1m[vite][22m[39m [90m[2m(client)[22m[39m [32mhmr update [39m[2m/src/assets/main.css[22m
[2m23:51:42[22m [36m[1m[vite][22m[39m [90m[2m(client)[22m[39m [32mhmr update [39m[2m/src/assets/main.css[22m
[2m00:18:50[22m [36m[1m[vite][22m[39m [90m[2m(client)[22m[39m [32mhmr update [39m[2m/src/assets/main.css[22m
[2m00:23:37[22m [36m[1m[vite][22m[39m [90m[2m(client)[22m[39m [32mhmr update [39m[2m/src/assets/main.css[22m
[2m00:25:45[22m [36m[1m[vite][22m[39m [90m[2m(client)[22m[39m [32mhmr update [39m[2m/src/components/novel-detail/OverviewSection.vue, /src/assets/main.css[22m
